2026-05-12 11:26:10,270 INFO ok.gui.StartController DeviceManager:start update_pc_device {'title': '漫画群星：大集结', 'exe': ['漫画群星：大集结.exe'], 'hwnd_class': 'UnityWndClass', 'interaction': 'PyDirect', 'capture_method': ['WGC', 'BitBlt_RenderFull', 'BitBlt'], 'skip_pos_check': True}, pc_device: {'address': '', 'imei': 'pc', 'device': 'windows', 'model': '', 'nick': ['漫画群星：大集结.exe'], 'width': 0, 'height': 0, 'hwnd': ['漫画群星：大集结.exe'], 'capture': 'windows', 'connected': False, 'full_path': 'D:\\Python-wuwa\\Internal_1\\漫画群星：大集结.exe'}
2026-05-12 11:26:11,332 INFO ok.gui.StartController DeviceManager:installed emulators [EmulatorInstance(serial='127.0.0.1:5555', name='leidian0', path='E:/leidian/LDPlayer9/dnplayer.exe')]
2026-05-12 11:26:11,468 INFO ok.gui.StartController DeviceManager:refresh emulators {'pc': {'address': '', 'imei': 'pc', 'device': 'windows', 'model': '', 'nick': ['漫画群星：大集结.exe'], 'width': 0, 'height': 0, 'hwnd': ['漫画群星：大集结.exe'], 'capture': 'windows', 'connected': False, 'full_path': 'D:\\Python-wuwa\\Internal_1\\漫画群星：大集结.exe'}, 'leidian0': {'address': '127.0.0.1:5555', 'device': 'adb', 'full_path': 'E:/leidian/LDPlayer9/dnplayer.exe', 'connected': False, 'imei': 'leidian0', 'player_id': 0, 'nick': 'leidian0', 'emulator': EmulatorInstance(serial='127.0.0.1:5555', name='leidian0', path='E:/leidian/LDPlayer9/dnplayer.exe')}, 'unity': {'address': '127.0.0.1:9876', 'imei': 'unity', 'device': 'unity', 'nick': 'Unity Editor', 'connected': True, 'capture': 'windows'}}
2026-05-12 11:26:11,861 INFO ok.gui.StartController __main__:Unity 工程连接模式启动
2026-05-12 11:26:12,005 INFO ok.gui.StartController __main__:Unity 连接已建立并存储到全局对象
2026-05-12 11:26:12,007 INFO ok.gui.StartController __main__:Unity 工程连接已就绪（纯组件模式）
2026-05-12 11:26:12,062 INFO ok.gui.StartController __main__:自动切换: is_unity=True, triggers=2
2026-05-12 11:26:12,086 INFO ok.gui.StartController __main__:检查触发器: name=AutoCombatTask, enabled=False
2026-05-12 11:26:13,091 INFO ok.gui.StartController __main__:检查触发器: name=AutoCombatTaskUnity, enabled=True
2026-05-12 11:26:13,094 INFO ok.gui.StartController __main__:自动启用 Unity 战斗触发器: AutoCombatTaskUnity
2026-05-12 11:26:13,141 INFO ok.gui.StartController StartController:start_device: {'address': '127.0.0.1:9876', 'imei': 'unity', 'device': 'unity', 'nick': 'Unity Editor', 'connected': True, 'capture': 'windows'}
2026-05-12 11:26:13,147 INFO ok.gui.StartController __main__:Unity connection active, skipping device error check
2026-05-12 11:26:13,154 INFO ok.gui.StartController __main__:自动切换: is_unity=True, triggers=2
2026-05-12 11:26:13,163 INFO ok.gui.StartController __main__:检查触发器: name=AutoCombatTask, enabled=False
2026-05-12 11:26:13,166 INFO ok.gui.StartController __main__:检查触发器: name=AutoCombatTaskUnity, enabled=True
2026-05-12 11:26:13,194 INFO ok.gui.StartController __main__:自动启用 Unity 战斗触发器: AutoCombatTaskUnity
2026-05-12 11:26:13,244 INFO ok.gui.StartController __main__:Unity 模式：启动触发器任务 AutoCombatTaskUnity
2026-05-12 11:26:13,332 INFO UnityTrigger-AutoCombatTaskUnity __main__:Unity trigger 循环启动: AutoCombatTaskUnity
2026-05-12 11:26:15,343 INFO MainThread MainWindow:Window closed exit_event.is not set False
2026-05-12 11:26:15,414 INFO MainThread handler:handler stop raised exception ok.gui.StartController
2026-05-12 11:26:15,494 INFO MainThread handler:handler stop raised exception RefreshAdb
2026-05-12 11:26:15,494 INFO UnityTrigger-AutoCombatTaskUnity __main__:Unity trigger 循环退出: AutoCombatTaskUnity
2026-05-12 11:26:15,503 INFO MainThread handler:handler stop raised exception StartCard
2026-05-12 11:26:15,523 INFO MainThread handler:handler stop raised exception global
2026-05-12 11:26:15,532 INFO MainThread TaskExecutor:Executor destroy
2026-05-12 11:26:15,605 INFO UnityTrigger-AutoCombatTaskUnity __main__:Unity trigger 循环退出: AutoCombatTaskUnity
